-- Automatically generated by SQLQueryTestSuite
-- Number of queries: 16


-- !query
select try_to_binary('abc')
-- !query schema
struct<try_to_binary(abc):binary>
-- !query output

�


-- !query
select try_to_binary('abc', 'utf-8')
-- !query schema
struct<try_to_binary(abc, utf-8):binary>
-- !query output
abc


-- !query
select try_to_binary('abc', 'base64')
-- !query schema
struct<try_to_binary(abc, base64):binary>
-- !query output
i�


-- !query
select try_to_binary('abc', 'hex')
-- !query schema
struct<try_to_binary(abc, hex):binary>
-- !query output

�


-- !query
select try_to_binary('123')
-- !query schema
struct<try_to_binary(123):binary>
-- !query output
#


-- !query
select try_to_binary('12345')
-- !query schema
struct<try_to_binary(12345):binary>
-- !query output
#E


-- !query
select try_to_binary('abc', concat('utf', '-8'))
-- !query schema
struct<try_to_binary(abc, concat(utf, -8)):binary>
-- !query output
abc


-- !query
select try_to_binary('abc', 'Hex')
-- !query schema
struct<try_to_binary(abc, Hex):binary>
-- !query output

�


-- !query
select try_to_binary('abc', null)
-- !query schema
struct<try_to_binary(abc, NULL):binary>
-- !query output
NULL


-- !query
select try_to_binary(null, 'utf-8')
-- !query schema
struct<try_to_binary(NULL, utf-8):binary>
-- !query output
NULL


-- !query
select try_to_binary(null, null)
-- !query schema
struct<try_to_binary(NULL, NULL):binary>
-- !query output
NULL


-- !query
select try_to_binary(null, cast(null as string))
-- !query schema
struct<try_to_binary(NULL, CAST(NULL AS STRING)):binary>
-- !query output
NULL


-- !query
select try_to_binary(null, cast(null as int))
-- !query schema
struct<try_to_binary(NULL, CAST(NULL AS INT)):binary>
-- !query output
NULL


-- !query
select try_to_binary('abc', 1)
-- !query schema
struct<try_to_binary(abc, 1):binary>
-- !query output
NULL


-- !query
select try_to_binary('abc', 'invalidFormat')
-- !query schema
struct<try_to_binary(abc, invalidFormat):binary>
-- !query output
NULL


-- !query
select try_to_binary('a!', 'base64')
-- !query schema
struct<try_to_binary(a!, base64):binary>
-- !query output
NULL
